// Jest Snapshot v1, https://goo.gl/fbAQLP

exports[`Testing <Counter/> App should show <Counter/> Component SnapShot 1`] = `
<Fragment>
  <h1>
    Counter App
  </h1>
  <h2>
    100
  </h2>
  <button
    onClick={[Function]}
  >
    +1
  </button>
  <button
    onClick={[Function]}
  >
    -1
  </button>
  <button
    onClick={[Function]}
  >
    Reset
  </button>
</Fragment>
`;
